I0228 03:22:16.621141 18625 llm_server.cc:1100] Rank 2:: Port[0] completed 14000 samples to LoadGen
I0228 03:22:50.118381 18627 llm_server.cc:1205] Rank 2:: Port[0] completed 15000 first tokens to LoadGen
I0228 03:23:37.287945 18625 llm_server.cc:1100] Rank 2:: Port[0] completed 15000 samples to LoadGen
I0228 03:24:18.392920 18627 llm_server.cc:1205] Rank 2:: Port[0] completed 16000 first tokens to LoadGen
I0228 03:25:02.067544 18625 llm_server.cc:1100] Rank 2:: Port[0] completed 16000 samples to LoadGen
I0228 03:25:41.874689 18627 llm_server.cc:1205] Rank 2:: Port[0] completed 17000 first tokens to LoadGen
I0228 03:26:23.116756 18625 llm_server.cc:1100] Rank 2:: Port[0] completed 17000 samples to LoadGen
I0228 03:27:01.089237 18627 llm_server.cc:1205] Rank 2:: Port[0] completed 18000 first tokens to LoadGen
I0228 03:27:45.147862 18625 llm_server.cc:1100] Rank 2:: Port[0] completed 18000 samples to LoadGen
I0228 03:28:27.632252 18627 llm_server.cc:1205] Rank 2:: Port[0] completed 19000 first tokens to LoadGen
I0228 03:29:09.140048 18625 llm_server.cc:1100] Rank 2:: Port[0] completed 19000 samples to LoadGen
I0228 03:29:47.000840 18627 llm_server.cc:1205] Rank 2:: Port[0] completed 20000 first tokens to LoadGen
I0228 03:30:38.466282 18625 llm_server.cc:1100] Rank 2:: Port[0] completed 20000 samples to LoadGen
I0228 03:31:10.879143 18627 llm_server.cc:1205] Rank 2:: Port[0] completed 21000 first tokens to LoadGen
I0228 03:31:57.254392 18625 llm_server.cc:1100] Rank 2:: Port[0] completed 21000 samples to LoadGen
I0228 03:32:32.590584 18627 llm_server.cc:1205] Rank 2:: Port[0] completed 22000 first tokens to LoadGen
I0228 03:33:18.644397 18625 llm_server.cc:1100] Rank 2:: Port[0] completed 22000 samples to LoadGen
I0228 03:33:54.306669 18627 llm_server.cc:1205] Rank 2:: Port[0] completed 23000 first tokens to LoadGen
I0228 03:34:38.551610 18625 llm_server.cc:1100] Rank 2:: Port[0] completed 23000 samples to LoadGen
I0228 03:35:18.852165 18627 llm_server.cc:1205] Rank 2:: Port[0] completed 24000 first tokens to LoadGen
I0228 03:35:58.586696 18625 llm_server.cc:1100] Rank 2:: Port[0] completed 24000 samples to LoadGen

No warnings encountered during test.

No errors encountered during test.
I0228 03:36:49.364424 18603 main_llm.cc:548] Rank 2:: Finished running actual test.
I0228 03:36:49.364463 18603 main_llm.cc:550] Rank 2:: Initiating termination sequence.
I0228 03:36:49.364473 18603 main_llm.cc:552] Rank 2:: Termination sequence initiated, waiting for others...
I0228 03:36:49.364585 18634 llm_server.cc:584] Rank 0:: llama2-70b-Server-SUT Rank0 unblocked from RECV to shut-down
I0228 03:36:49.364583 18626 llm_server.cc:1139] Rank 2:: llama2-70b-Server-SUT-LoadGen Port[0] unblocked from first-token receive for shut-down
I0228 03:36:49.364593 18624 llm_server.cc:1029] Rank 2:: llama2-70b-Server-SUT-LoadGen Port[0] unblocked from RECV for shut-down
I0228 03:36:49.364624 18624 llm_server.cc:953] Rank 2:: llama2-70b-Server-SUT-LoadGen Stopping...
I0228 03:36:50.364631 18603 main_llm.cc:557] Rank 2:: Sync'ed with others for shutting-off.
I0228 03:36:50.364642 18602 main_llm.cc:611] Rank 1:: Test should finish now.
I0228 03:36:50.364917 18601 main_llm.cc:611] Rank 0:: Test should finish now.
I0228 03:36:50.377357 18603 main_llm.cc:618] Rank 2:: All done
[TensorRT-LLM][INFO] Terminate signal received, worker thread exiting.
[TensorRT-LLM][INFO] Terminate signal received, worker thread exiting.
I0228 03:36:50.926703 18601 main_llm.cc:618] Rank 0:: All done
I0228 03:36:50.941627 18602 main_llm.cc:618] Rank 1:: All done
[2024-02-28 03:36:52,616 run_harness.py:165 INFO] Result: Accuracy run detected.
[2024-02-28 03:36:52,616 __init__.py:46 INFO] Running command: PYTHONPATH=/work:/usr/lib/python38.zip:/usr/lib/python3.8:/usr/lib/python3.8/lib-dynload:/work/build/TRTLLM/3rdparty/cutlass/python:/usr/local/lib/python3.8/dist-packages:/usr/lib/python3/dist-packages:/usr/lib/python3.8/dist-packages python3 -S /work/build/inference/language/llama2-70b/evaluate-accuracy.py --checkpoint-path /mnt/resource_nvme/scratch/models/Llama2/Llama-2-70b-chat-hf --mlperf-accuracy-file /work/build/logs/2024.02.28-01.37.47/NC_H100_v5_TRT/llama2-70b-99/Server/mlperf_log_accuracy.json --dataset-file /mnt/resource_nvme/scratch/preprocessed_data/open_orca/open_orca_gpt4_tokenized_llama.sampled_24576.pkl --dtype int32
normalizer.cc(51) LOG(INFO) precompiled_charsmap is empty. use identity normalization.
[nltk_data] Downloading package punkt to /home/lisa/nltk_data...
[nltk_data]   Package punkt is already up-to-date!

Results

{'rouge1': 44.6043, 'rouge2': 22.1269, 'rougeL': 28.7703, 'rougeLsum': 42.1578, 'gen_len': 28388069, 'gen_num': 24576, 'gen_tok_len': 7174394, 'tokens_per_sample': 291.9}
[2024-02-28 03:46:39,540 generate_conf_files.py:107 INFO] Generated measurements/ entries for NC_H100_v5_TRT/llama2-70b-99.9/Server
[2024-02-28 03:46:39,540 __init__.py:46 INFO] Running command: mpirun -np 3 ./build/bin/harness_llm --logfile_outdir="/work/build/logs/2024.02.28-01.37.47/NC_H100_v5_TRT/llama2-70b-99.9/Server" --logfile_prefix="mlperf_log_" --performance_sample_count=24576 --test_mode="AccuracyOnly" --gpu_batch_size=1536 --tensor_path="build/preprocessed_data/open_orca/input_ids_padded.npy,build/preprocessed_data/open_orca/input_lens.npy" --use_graphs=false --gpu_inference_streams=1 --gpu_copy_streams=1 --tensor_parallelism=2 --pipeline_parallelism=1 --kvcache_free_gpu_mem_frac=0.9 --enable_sort=false --llm_gen_config_path="code/llama2-70b/tensorrt/generation_config.json" --use_token_latencies=true --gpu_engines="./build/engines/NC_H100_v5/llama2-70b/Server/bs1536-custom_k_99_9_MaxP-tp2-pp1/rank0.engine" --mlperf_conf_path="build/loadgen-configs/NC_H100_v5_TRT/llama2-70b-99.9/Server/mlperf.conf" --user_conf_path="build/loadgen-configs/NC_H100_v5_TRT/llama2-70b-99.9/Server/user.conf" --scenario Server --model llama2-70b
[2024-02-28 03:46:39,540 __init__.py:53 INFO] Overriding Environment
benchmark : Benchmark.LLAMA2
buffer_manager_thread_count : 0
coalesced_tensor : True
data_dir : /mnt/resource_nvme/scratch/data
enable_sort : False
gpu_batch_size : 1536
gpu_copy_streams : 1
gpu_inference_streams : 1
input_dtype : int32
input_format : linear
kvcache_free_gpu_mem_frac : 0.9
llm_gen_config_path : code/llama2-70b/tensorrt/generation_config.json
log_dir : /work/build/logs/2024.02.28-01.37.47
pipeline_parallelism : 1
precision : fp16
preprocessed_data_dir : /mnt/resource_nvme/scratch/preprocessed_data
scenario : Scenario.Server
server_target_qps : 12
system : SystemConfiguration(host_cpu_conf=CPUConfiguration(layout={CPU(name='AMD EPYC 9V84 96-Core Processor', architecture=<CPUArchitecture.x86_64: AliasedName(name='x86_64', aliases=(), patterns=())>, core_count=80, threads_per_core=1): 1}), host_mem_conf=MemoryConfiguration(host_memory_capacity=Memory(quantity=660.463936, byte_suffix=<ByteSuffix.GB: (1000, 3)>, _num_bytes=660463936000), comparison_tolerance=0.05), accelerator_conf=AcceleratorConfiguration(layout=defaultdict(<class 'int'>, {GPU(name='NVIDIA H100 NVL', accelerator_type=<AcceleratorType.Discrete: AliasedName(name='Discrete', aliases=(), patterns=())>, vram=Memory(quantity=93.583984375, byte_suffix=<ByteSuffix.GiB: (1024, 3)>, _num_bytes=100485038080), max_power_limit=400.0, pci_id='0x232110DE', compute_sm=90): 2})), numa_conf=NUMAConfiguration(numa_nodes={}, num_numa_nodes=2), system_id='NC_H100_v5')
tensor_parallelism : 2
tensor_path : build/preprocessed_data/open_orca/input_ids_padded.npy,build/preprocessed_data/open_orca/input_lens.npy
test_mode : AccuracyOnly
use_fp8 : True
use_graphs : False
use_token_latencies : True
system_id : NC_H100_v5
config_name : NC_H100_v5_llama2-70b_Server
workload_setting : WorkloadSetting(HarnessType.Custom, AccuracyTarget.k_99_9, PowerSetting.MaxP)
optimization_level : plugin-enabled
num_profiles : 1
config_ver : custom_k_99_9_MaxP
accuracy_level : 99.9%
inference_server : custom
skip_file_checks : False
power_limit : None
cpu_freq : None
&&&& RUNNING LLM_HARNESS # ./build/bin/harness_llm
[I] Initializing TensorRT plugin library...
[I] Initializing TRT-LLM plugin libraries...
&&&& RUNNING LLM_HARNESS # ./build/bin/harness_llm
[I] Initializing TensorRT plugin library...
[I] Initializing TRT-LLM plugin libraries...
&&&& RUNNING LLM_HARNESS # ./build/bin/harness_llm
[I] Initializing TensorRT plugin library...
[I] Initializing TRT-LLM plugin libraries...
I0228 03:46:42.929723 18775 main_llm.cc:170] Loading LLM config from "./build/engines/NC_H100_v5/llama2-70b/Server/bs1536-custom_k_99_9_MaxP-tp2-pp1/config.json" and geneartion config from: code/llama2-70b/tensorrt/generation_config.json
I0228 03:46:43.064711 18776 main_llm.cc:170] Loading LLM config from "./build/engines/NC_H100_v5/llama2-70b/Server/bs1536-custom_k_99_9_MaxP-tp2-pp1/config.json" and geneartion config from: code/llama2-70b/tensorrt/generation_config.json
I0228 03:46:43.070955 18774 main_llm.cc:170] Loading LLM config from "./build/engines/NC_H100_v5/llama2-70b/Server/bs1536-custom_k_99_9_MaxP-tp2-pp1/config.json" and geneartion config from: code/llama2-70b/tensorrt/generation_config.json
I0228 03:46:43.288359 18776 main_llm.cc:284] Rank: 2 has pid: 18776
I0228 03:46:43.288391 18776 main_llm.cc:121] Found 2 GPUs
I0228 03:46:43.288359 18774 main_llm.cc:281] LLMConfig Details:
	mMaxSumSeqlen: 2048 mMaxInputSeqlen: 1024 mMaxOutputSeqlen: 1024 mEosId: 2
	tp: 2 pp: 1 mWorldSize: 2
	mMaxGpuBatchSize: 1536 mBeamWidth: 1
	mTemperature: 1 mTopK: 1 mTopP: 0 mMinOutputSeqlen: 1 mIsStreaming: 1 mReportFirstToken: 1 mEnableSort: 0 mExcludeInputInOutput: 1
	mMaxNumSequences: 0 mMaxTokensInPagedKvcache: 0 mKvCacheFreeGpuMemFraction: 0.9 mEnableTrtOverlap: 0
	mBatchMode: 2 mSchedulerPolicy: 0
I0228 03:46:43.288388 18774 main_llm.cc:284] Rank: 0 has pid: 18774
I0228 03:46:43.288393 18774 main_llm.cc:121] Found 2 GPUs
I0228 03:46:43.288430 18775 main_llm.cc:284] Rank: 1 has pid: 18775
I0228 03:46:43.288458 18775 main_llm.cc:121] Found 2 GPUs
I0228 03:46:43.288574 18774 main_llm.cc:506] Rank 0:: local session [rank/size | color | devId]: [0/2 | 0 | 0]
I0228 03:46:43.288586 18774 main_llm.cc:585] Rank 0:: Started instantiating SUT[llama2-70b-Server-SUT Rank0]
I0228 03:46:43.288573 18776 main_llm.cc:506] Rank 2:: local session [rank/size | color | devId]: [0/1 | 1 | -]
I0228 03:46:43.288587 18776 main_llm.cc:529] Rank 2:: Started instantiating QSL[llama2-70b-Server-QSL-LoadGen]
I0228 03:46:43.288576 18775 main_llm.cc:506] Rank 1:: local session [rank/size | color | devId]: [1/2 | 0 | 1]
I0228 03:46:43.288587 18775 main_llm.cc:585] Rank 1:: Started instantiating SUT[llama2-70b-Server-SUT Rank1]
I0228 03:46:43.288935 18774 llm_server.cc:406] LLMServer[llama2-70b-Server-SUT Rank0] creating LLMCore[0] on Device[0]...
I0228 03:46:43.288944 18774 llm_core.cc:68] Rank 0:: LLMCore[0] at Device Id [0]
[TensorRT-LLM][INFO] Engine version 0.9.0.dev2024020600 found in the config file, assuming engine(s) built by new builder API.
[TensorRT-LLM][WARNING] [json.exception.out_of_range.403] key 'lora_target_modules' not found
[TensorRT-LLM][WARNING] Optional value for parameter lora_target_modules will not be set.
[TensorRT-LLM][WARNING] [json.exception.out_of_range.403] key 'num_medusa_heads' not found
[TensorRT-LLM][WARNING] Optional value for parameter num_medusa_heads will not be set.
[TensorRT-LLM][WARNING] [json.exception.out_of_range.403] key 'max_draft_len' not found
[TensorRT-LLM][WARNING] Optional value for parameter max_draft_len will not be set.
[TensorRT-LLM][INFO] MPI size: 2, rank: 0
[TensorRT-LLM][INFO] Using user-specified devices: (0, 1)
[TensorRT-LLM][INFO] Rank 0 is using GPU 0
I0228 03:46:43.337395 18776 main_llm.cc:532] Rank 2:: Finished instantiating QSL[llama2-70b-Server-QSL-LoadGen]
I0228 03:46:43.337425 18776 main_llm.cc:534] Rank 2:: Started instantiating SUT[llama2-70b-Server-SUT-LoadGen]
I0228 03:46:43.348191 18776 main_llm.cc:539] Rank 2:: Finished instantiating SUT[llama2-70b-Server-SUT-LoadGen]
I0228 03:46:43.348203 18776 main_llm.cc:541] Rank 2:: Waiting for the end of init phase of other nodes...
I0228 03:46:43.921144 18775 llm_server.cc:406] LLMServer[llama2-70b-Server-SUT Rank1] creating LLMCore[0] on Device[1]...
I0228 03:46:43.921185 18775 llm_core.cc:68] Rank 1:: LLMCore[0] at Device Id [1]
[TensorRT-LLM][INFO] Engine version 0.9.0.dev2024020600 found in the config file, assuming engine(s) built by new builder API.
[TensorRT-LLM][WARNING] [json.exception.out_of_range.403] key 'lora_target_modules' not found
[TensorRT-LLM][WARNING] Optional value for parameter lora_target_modules will not be set.
[TensorRT-LLM][WARNING] [json.exception.out_of_range.403] key 'num_medusa_heads' not found
[TensorRT-LLM][WARNING] Optional value for parameter num_medusa_heads will not be set.
[TensorRT-LLM][WARNING] [json.exception.out_of_range.403] key 'max_draft_len' not found
[TensorRT-LLM][WARNING] Optional value for parameter max_draft_len will not be set.
[TensorRT-LLM][INFO] MPI size: 2, rank: 1
[TensorRT-LLM][INFO] Using user-specified devices: (0, 1)
[TensorRT-LLM][INFO] Rank 1 is using GPU 1
[TensorRT-LLM][INFO] TRTGptModel maxNumSequences: 1536
[TensorRT-LLM][INFO] TRTGptModel maxBatchSize: 1536
[TensorRT-LLM][INFO] TRTGptModel mMaxAttentionWindowSize: 2048
[TensorRT-LLM][INFO] TRTGptModel enableTrtOverlap: 0
[TensorRT-LLM][INFO] TRTGptModel normalizeLogProbs: 1
[TensorRT-LLM][INFO] Loaded engine size: 33176 MiB
[TensorRT-LLM][INFO] TRTGptModel maxNumSequences: 1536
[TensorRT-LLM][INFO] TRTGptModel maxBatchSize: 1536
[TensorRT-LLM][INFO] TRTGptModel mMaxAttentionWindowSize: 2048
[TensorRT-LLM][INFO] TRTGptModel enableTrtOverlap: 0
[TensorRT-LLM][INFO] TRTGptModel normalizeLogProbs: 1
[TensorRT-LLM][INFO] Loaded engine size: 33176 MiB
[TensorRT-LLM][INFO] [MemUsageChange] Init cuBLAS/cuBLASLt: CPU +6, GPU +66, now: CPU 33257, GPU 35337 (MiB)
[TensorRT-LLM][INFO] [MemUsageChange] Init cuDNN: CPU +2, GPU +72, now: CPU 33259, GPU 35409 (MiB)
[TensorRT-LLM][INFO] [MemUsageChange] Init cuBLAS/cuBLASLt: CPU +6, GPU +66, now: CPU 33273, GPU 33750 (MiB)
[TensorRT-LLM][INFO] [MemUsageChange] Init cuDNN: CPU +2, GPU +72, now: CPU 33275, GPU 33822 (MiB)
[TensorRT-LLM][INFO] [MemUsageChange] TensorRT-managed allocation in engine deserialization: CPU +0, GPU +33142, now: CPU 0, GPU 33142 (MiB)
[TensorRT-LLM][INFO] [MemUsageChange] TensorRT-managed allocation in engine deserialization: CPU +0, GPU +33142, now: CPU 0, GPU 33142 (MiB)
[TensorRT-LLM][INFO] [MS] Running engine with multi stream info
[TensorRT-LLM][INFO] [MS] Number of aux streams is 1
[TensorRT-LLM][INFO] [MS] Number of total worker streams is 2
[TensorRT-LLM][INFO] [MS] The main stream provided by execute/enqueue calls is the first worker stream
[TensorRT-LLM][INFO] [MemUsageChange] Init cuBLAS/cuBLASLt: CPU +0, GPU +64, now: CPU 33551, GPU 34914 (MiB)
[TensorRT-LLM][INFO] [MemUsageChange] Init cuDNN: CPU +0, GPU +64, now: CPU 33551, GPU 34978 (MiB)
[TensorRT-LLM][INFO] [MS] Running engine with multi stream info
[TensorRT-LLM][INFO] [MS] Number of aux streams is 1
[TensorRT-LLM][INFO] [MS] Number of total worker streams is 2
[TensorRT-LLM][INFO] [MS] The main stream provided by execute/enqueue calls is the first worker stream
[TensorRT-LLM][INFO] [MemUsageChange] Init cuBLAS/cuBLASLt: CPU +0, GPU +64, now: CPU 33535, GPU 36501 (MiB)
[TensorRT-LLM][INFO] [MemUsageChange] Init cuDNN: CPU +0, GPU +64, now: CPU 33535, GPU 36565 (MiB)
[TensorRT-LLM][INFO] [MemUsageChange] TensorRT-managed allocation in IExecutionContext creation: CPU +0, GPU +0, now: CPU 0, GPU 33142 (MiB)
[TensorRT-LLM][INFO] [MemUsageChange] TensorRT-managed allocation in IExecutionContext creation: CPU +0, GPU +0, now: CPU 0, GPU 33142 (MiB)
[TensorRT-LLM][INFO] Allocate 52617543680 bytes for k/v cache. 
[TensorRT-LLM][INFO] Using 642304 total tokens in paged KV cache, and 16 blocks per sequence
[TensorRT-LLM][INFO] Allocate 52617543680 bytes for k/v cache. 
[TensorRT-LLM][INFO] Using 642304 total tokens in paged KV cache, and 16 blocks per sequence
I0228 03:47:42.128815 18774 llm_core.cc:91] Rank 0:: LLMCore Setup complete for device 0
I0228 03:47:42.128878 18774 llm_server.cc:411] LLMServer[llama2-70b-Server-SUT Rank0] created LLMCore[0] on Device[0].
I0228 03:47:42.138175 18774 main_llm.cc:592] Rank 0:: Finished instantiating SUT[llama2-70b-Server-SUT Rank0]
I0228 03:47:42.138187 18774 main_llm.cc:593] Rank 0:: Started Leader SUT
I0228 03:47:42.651790 18775 llm_core.cc:91] Rank 1:: LLMCore Setup complete for device 1
I0228 03:47:42.651855 18775 llm_server.cc:411] LLMServer[llama2-70b-Server-SUT Rank1] created LLMCore[0] on Device[1].
I0228 03:47:42.651890 18775 main_llm.cc:599] Rank 1:: Finished instantiating SUT[llama2-70b-Server-SUT Rank1]
I0228 03:47:42.651894 18775 main_llm.cc:600] Rank 1:: Started follower SUT
I0228 03:47:42.652078 18775 main_llm.cc:606] Rank 1:: Test should start now.
I0228 03:47:42.652108 18774 main_llm.cc:606] Rank 0:: Test should start now.
I0228 03:47:42.652091 18776 main_llm.cc:544] Rank 2:: Init phase done on all the nodes.
I0228 03:47:42.652151 18776 main_llm.cc:546] Rank 2:: Starting running actual test.
I0228 03:49:05.232625 18800 llm_server.cc:1205] Rank 2:: Port[0] completed 1000 first tokens to LoadGen
I0228 03:49:33.856732 18798 llm_server.cc:1100] Rank 2:: Port[0] completed 1000 samples to LoadGen
I0228 03:50:33.645659 18800 llm_server.cc:1205] Rank 2:: Port[0] completed 2000 first tokens to LoadGen
I0228 03:51:06.407706 18798 llm_server.cc:1100] Rank 2:: Port[0] completed 2000 samples to LoadGen
I0228 03:52:00.902878 18800 llm_server.cc:1205] Rank 2:: Port[0] completed 3000 first tokens to LoadGen
I0228 03:52:36.101549 18798 llm_server.cc:1100] Rank 2:: Port[0] completed 3000 samples to LoadGen
I0228 03:53:22.250136 18800 llm_server.cc:1205] Rank 2:: Port[0] completed 4000 first tokens to LoadGen
I0228 03:54:00.041169 18798 llm_server.cc:1100] Rank 2:: Port[0] completed 4000 samples to LoadGen
I0228 03:54:47.945744 18800 llm_server.cc:1205] Rank 2:: Port[0] completed 5000 first tokens to LoadGen
I0228 03:55:21.030122 18798 llm_server.cc:1100] Rank 2:: Port[0] completed 5000 samples to LoadGen
I0228 03:56:15.067778 18800 llm_server.cc:1205] Rank 2:: Port[0] completed 6000 first tokens to LoadGen
I0228 03:56:50.076509 18798 llm_server.cc:1100] Rank 2:: Port[0] completed 6000 samples to LoadGen
I0228 03:57:38.697096 18800 llm_server.cc:1205] Rank 2:: Port[0] completed 7000 first tokens to LoadGen
I0228 03:58:14.215911 18798 llm_server.cc:1100] Rank 2:: Port[0] completed 7000 samples to LoadGen
I0228 03:59:02.196310 18800 llm_server.cc:1205] Rank 2:: Port[0] completed 8000 first tokens to LoadGen
I0228 03:59:45.222057 18798 llm_server.cc:1100] Rank 2:: Port[0] completed 8000 samples to LoadGen
I0228 04:00:20.823390 18800 llm_server.cc:1205] Rank 2:: Port[0] completed 9000 first tokens to LoadGen
I0228 04:01:08.936044 18798 llm_server.cc:1100] Rank 2:: Port[0] completed 9000 samples to LoadGen
I0228 04:01:45.363574 18800 llm_server.cc:1205] Rank 2:: Port[0] completed 10000 first tokens to LoadGen
I0228 04:02:26.293874 18798 llm_server.cc:1100] Rank 2:: Port[0] completed 10000 samples to LoadGen
I0228 04:03:08.841001 18800 llm_server.cc:1205] Rank 2:: Port[0] completed 11000 first tokens to LoadGen
I0228 04:03:49.289772 18798 llm_server.cc:1100] Rank 2:: Port[0] completed 11000 samples to LoadGen
I0228 04:04:31.141233 18800 llm_server.cc:1205] Rank 2:: Port[0] completed 12000 first tokens to LoadGen
I0228 04:05:14.241314 18798 llm_server.cc:1100] Rank 2:: Port[0] completed 12000 samples to LoadGen
I0228 04:05:55.820808 18800 llm_server.cc:1205] Rank 2:: Port[0] completed 13000 first tokens to LoadGen
I0228 04:06:39.320729 18798 llm_server.cc:1100] Rank 2:: Port[0] completed 13000 samples to LoadGen
I0228 04:07:18.023917 18800 llm_server.cc:1205] Rank 2:: Port[0] completed 14000 first tokens to LoadGen
I0228 04:08:05.413148 18798 llm_server.cc:1100] Rank 2:: Port[0] completed 14000 samples to LoadGen
I0228 04:08:38.926518 18800 llm_server.cc:1205] Rank 2:: Port[0] completed 15000 first tokens to LoadGen
I0228 04:09:26.303170 18798 llm_server.cc:1100] Rank 2:: Port[0] completed 15000 samples to LoadGen
I0228 04:10:07.165073 18800 llm_server.cc:1205] Rank 2:: Port[0] completed 16000 first tokens to LoadGen
I0228 04:10:51.059221 18798 llm_server.cc:1100] Rank 2:: Port[0] completed 16000 samples to LoadGen
I0228 04:11:30.573407 18800 llm_server.cc:1205] Rank 2:: Port[0] completed 17000 first tokens to LoadGen
I0228 04:12:12.803115 18798 llm_server.cc:1100] Rank 2:: Port[0] completed 17000 samples to LoadGen
I0228 04:12:49.792476 18800 llm_server.cc:1205] Rank 2:: Port[0] completed 18000 first tokens to LoadGen
I0228 04:13:34.076375 18798 llm_server.cc:1100] Rank 2:: Port[0] completed 18000 samples to LoadGen
I0228 04:14:16.343264 18800 llm_server.cc:1205] Rank 2:: Port[0] completed 19000 first tokens to LoadGen
I0228 04:14:58.046566 18798 llm_server.cc:1100] Rank 2:: Port[0] completed 19000 samples to LoadGen
I0228 04:15:35.750694 18800 llm_server.cc:1205] Rank 2:: Port[0] completed 20000 first tokens to LoadGen
I0228 04:16:27.364279 18798 llm_server.cc:1100] Rank 2:: Port[0] completed 20000 samples to LoadGen
I0228 04:16:59.803033 18800 llm_server.cc:1205] Rank 2:: Port[0] completed 21000 first tokens to LoadGen
I0228 04:17:46.453681 18798 llm_server.cc:1100] Rank 2:: Port[0] completed 21000 samples to LoadGen
I0228 04:18:21.294090 18800 llm_server.cc:1205] Rank 2:: Port[0] completed 22000 first tokens to LoadGen
I0228 04:19:07.762909 18798 llm_server.cc:1100] Rank 2:: Port[0] completed 22000 samples to LoadGen
I0228 04:19:43.046531 18800 llm_server.cc:1205] Rank 2:: Port[0] completed 23000 first tokens to LoadGen
I0228 04:20:27.755216 18798 llm_server.cc:1100] Rank 2:: Port[0] completed 23000 samples to LoadGen
I0228 04:21:07.626896 18800 llm_server.cc:1205] Rank 2:: Port[0] completed 24000 first tokens to LoadGen
I0228 04:21:47.919536 18798 llm_server.cc:1100] Rank 2:: Port[0] completed 24000 samples to LoadGen

No warnings encountered during test.

No errors encountered during test.
I0228 04:22:38.469221 18776 main_llm.cc:548] Rank 2:: Finished running actual test.
I0228 04:22:38.469271 18776 main_llm.cc:550] Rank 2:: Initiating termination sequence.
I0228 04:22:38.469282 18776 main_llm.cc:552] Rank 2:: Termination sequence initiated, waiting for others...
I0228 04:22:38.469388 18799 llm_server.cc:1139] Rank 2:: llama2-70b-Server-SUT-LoadGen Port[0] unblocked from first-token receive for shut-down
I0228 04:22:38.469396 18807 llm_server.cc:584] Rank 0:: llama2-70b-Server-SUT Rank0 unblocked from RECV to shut-down
I0228 04:22:38.469398 18797 llm_server.cc:1029] Rank 2:: llama2-70b-Server-SUT-LoadGen Port[0] unblocked from RECV for shut-down
I0228 04:22:38.469489 18797 llm_server.cc:953] Rank 2:: llama2-70b-Server-SUT-LoadGen Stopping...
I0228 04:22:39.469445 18775 main_llm.cc:611] Rank 1:: Test should finish now.
I0228 04:22:39.469441 18776 main_llm.cc:557] Rank 2:: Sync'ed with others for shutting-off.
I0228 04:22:39.469724 18774 main_llm.cc:611] Rank 0:: Test should finish now.
I0228 04:22:39.482347 18776 main_llm.cc:618] Rank 2:: All done
[TensorRT-LLM][INFO] Terminate signal received, worker thread exiting.
[TensorRT-LLM][INFO] Terminate signal received, worker thread exiting.
I0228 04:22:40.027009 18774 main_llm.cc:618] Rank 0:: All done
I0228 04:22:40.042644 18775 main_llm.cc:618] Rank 1:: All done
[2024-02-28 04:22:41,725 run_harness.py:165 INFO] Result: Accuracy run detected.
[2024-02-28 04:22:41,725 __init__.py:46 INFO] Running command: PYTHONPATH=/work:/usr/lib/python38.zip:/usr/lib/python3.8:/usr/lib/python3.8/lib-dynload:/work/build/TRTLLM/3rdparty/cutlass/python:/usr/local/lib/python3.8/dist-packages:/usr/lib/python3/dist-packages:/usr/lib/python3.8/dist-packages python3 -S /work/build/inference/language/llama2-70b/evaluate-accuracy.py --checkpoint-path /mnt/resource_nvme/scratch/models/Llama2/Llama-2-70b-chat-hf --mlperf-accuracy-file /work/build/logs/2024.02.28-01.37.47/NC_H100_v5_TRT/llama2-70b-99.9/Server/mlperf_log_accuracy.json --dataset-file /mnt/resource_nvme/scratch/preprocessed_data/open_orca/open_orca_gpt4_tokenized_llama.sampled_24576.pkl --dtype int32
normalizer.cc(51) LOG(INFO) precompiled_charsmap is empty. use identity normalization.
[nltk_data] Downloading package punkt to /home/lisa/nltk_data...
[nltk_data]   Package punkt is already up-to-date!

Results

{'rouge1': 44.6044, 'rouge2': 22.1269, 'rougeL': 28.7704, 'rougeLsum': 42.1579, 'gen_len': 28388004, 'gen_num': 24576, 'gen_tok_len': 7174353, 'tokens_per_sample': 291.9}
 
======================== Result summaries: ========================

 NC_H100_v5_TRT-custom_k_99_MaxP-Offline:
   llama2-70b-99:
     accuracy: [PASSED] ROUGE1: 44.601 (Threshold=43.987) | [PASSED] ROUGE2: 22.124 (Threshold=21.815) | [PASSED] ROUGEL: 28.769 (Threshold=28.330) | [PASSED] TOKENS_PER_SAMPLE: 292.000 (Threshold=265.005)
 
 NC_H100_v5_TRT-custom_k_99_MaxP-Server:
   llama2-70b-99:
     accuracy: [PASSED] ROUGE1: 44.604 (Threshold=43.987) | [PASSED] ROUGE2: 22.127 (Threshold=21.815) | [PASSED] ROUGEL: 28.770 (Threshold=28.330) | [PASSED] TOKENS_PER_SAMPLE: 291.900 (Threshold=265.005)
 
 NC_H100_v5_TRT-custom_k_99_9_MaxP-Offline:
   llama2-70b-99.9:
     accuracy: [PASSED] ROUGE1: 44.603 (Threshold=44.387) | [PASSED] ROUGE2: 22.126 (Threshold=22.013) | [PASSED] ROUGEL: 28.770 (Threshold=28.588) | [PASSED] TOKENS_PER_SAMPLE: 292.000 (Threshold=265.005)
 
 NC_H100_v5_TRT-custom_k_99_9_MaxP-Server:
   llama2-70b-99.9:
     accuracy: [PASSED] ROUGE1: 44.604 (Threshold=44.387) | [PASSED] ROUGE2: 22.127 (Threshold=22.013) | [PASSED] ROUGEL: 28.770 (Threshold=28.588) | [PASSED] TOKENS_PER_SAMPLE: 291.900 (Threshold=265.005)
 
